[pospal.com.au/taptouch/index.html]
[backblue.gif]
[fade.gif]
[index.html]
[i.ibb.co/yNQvzLw/mainpic.png]
[pospal.com.au/wp-content/plugins/content-views-query-and-display-post-page/public/assets/css/cv749c.css]
[pospal.com.au/wp-includes/css/dist/block-library/style.min48f5.css]
[pospal.com.au/wp-content/plugins/woocommerce/packages/woocommerce-blocks/build/style60a8.css]
[pospal.com.au/wp-content/plugins/builder-responsive-pricing-tables/assets/css/pricing-tables48f5.css]
[pospal.com.au/wp-content/plugins/jquery-collapse-o-matic/css/core_style5152.css]
[pospal.com.au/wp-content/plugins/jquery-collapse-o-matic/css/light_stylef24c.css]
[pospal.com.au/wp-content/plugins/revslider/public/assets/css/rs618cf.css]
[pospal.com.au/wp-content/plugins/woocommerce/assets/css/woocommerce-layoutd19b.css]
[pospal.com.au/wp-content/plugins/woocommerce/assets/css/woocommerce-smallscreend19b.css]
[pospal.com.au/wp-content/plugins/woocommerce/assets/css/woocommerced19b.css]
[pospal.com.au/wp-content/plugins/yada-wiki/css/yadawiki48f5.css]
[pospal.com.au/wp-content/plugins/woo-paypalplus/public/css/front.minb67b.css]
[pospal.com.au/wp-content/plugins/elementor/assets/lib/font-awesome/css/font-awesome.min1849.css]
[pospal.com.au/wp-content/plugins/woolentor-addons/assets/css/simple-line-icons3c94.css]
[pospal.com.au/wp-content/plugins/woolentor-addons/assets/css/htflexboxgrid3c94.css]
[pospal.com.au/wp-content/plugins/woolentor-addons/assets/css/slick3c94.css]
[pospal.com.au/wp-content/plugins/woolentor-addons/assets/css/woolentor-widgets3c94.css]
[pospal.com.au/wp-content/themes/appai/assets/css/bootstrap.min48f5.css]
[pospal.com.au/wp-content/themes/appai/assets/css/animate48f5.css]
[pospal.com.au/wp-content/themes/appai/assets/css/color-variation48f5.css]
[pospal.com.au/wp-content/themes/appai/assets/css/elements48f5.css]
[pospal.com.au/wp-content/themes/appai/assets/css/fakeLoader48f5.css]
[pospal.com.au/wp-content/themes/appai/assets/css/icofont48f5.css]
[pospal.com.au/wp-content/plugins/woolentor-addons/assets/lib/css/magnific-popup3c94.css]
[pospal.com.au/wp-content/themes/appai/assets/css/slicknav.min48f5.css]
[pospal.com.au/wp-content/themes/appai/assets/css/swiper.min48f5.css]
[pospal.com.au/wp-content/themes/appai/assets/css/blog48f5.css]
[pospal.com.au/wp-content/themes/appai/assets/css/style48f5.css]
[pospal.com.au/wp-content/themes/appai/assets/css/responsive48f5.css]
[pospal.com.au/wp-content/themes/appai/style48f5.css]
[use.fontawesome.com/releases/v5.13.0/css/all.css]
[pospal.com.au/wp-content/plugins/elementor/assets/lib/eicons/css/elementor-icons.min05c8.css]
[pospal.com.au/wp-content/plugins/elementor/assets/css/frontend-legacy.minb045.css]
[pospal.com.au/wp-content/plugins/elementor/assets/css/frontend.minb045.css]
[pospal.com.au/wp-content/uploads/elementor/css/post-1542458ed.css]
[pospal.com.au/wp-content/uploads/elementor/css/global58ed.css]
[pospal.com.au/wp-content/uploads/elementor/css/post-16582447c.css]
[pospal.com.au/wp-content/plugins/smart-recent-posts-widget/assets/css/srpw-frontend48f5.css]
[pospal.com.au/wp-content/plugins/kingcomposer/assets/frontend/css/kingcomposer.min7d47.css]
[pospal.com.au/wp-content/plugins/kingcomposer/assets/css/animate7d47.css]
[pospal.com.au/wp-content/themes/appai/assets/css/icofont7d47.css]
[pospal.com.au/wp-content/plugins/kingcomposer/assets/css/icons7d47.css]
[use.fontawesome.com/releases/v5.13.0/css/v4-shims.css]
[pospal.com.au/wp-includes/js/jquery/jquery-migrate.min330a.js]
[pospal.com.au/wp-content/plugins/svg-support/js/svgs-inline8a54.js]
[pospal.com.au/wp-content/plugins/woo-product-faq-tab/assets/js/jquery.accordion19f6.js]
[connect.facebook.net/en_US/fbevents.js]
[pospal.com.au/wp-includes/js/jquery/jquery4a5f.js]
[pospal.com.au/wp-content/uploads/2019/01/2-1.png]
[i.ibb.co/vmv0jfB/retail.png]
[i.ibb.co/rvrmYqh/butcherstore.png]
[pospal.com.au/wp-content/plugins/revslider/public/assets/js/rbtools.minf049.js]
[i.ibb.co/0X7JQtF/teastore.png]
[pospal.com.au/wp-content/plugins/revslider/public/assets/js/rs6.min18cf.js]
[i.ibb.co/cXYbVcd/cafe.png]
[i.ibb.co/cbnX1Hr/allinone.png]
[i.ibb.co/DbhtMmV/unifiedicon.png]
[i.ibb.co/ZLyNjvF/allinoe.png]
[pospal.com.au/wp-content/uploads/2022/04/scan-to-order-1.png]
[pospal.com.au/wp-content/uploads/2022/04/one-tap.png]
[i.ibb.co/RYT4ttp/FRONT.png]
[i.ibb.co/NTDFsRT/icon3.png]
[i.ibb.co/H4zX4cH/icon2.png]
[i.ibb.co/d45CRfX/ms.png]
[pospal.com.au/wp-content/uploads/2022/04/222.png]
[pospal.com.au/wp-content/uploads/2022/04/printe.png]
[pospal.com.au/wp-content/uploads/2022/04/e32.png]
[pospal.com.au/wp-content/uploads/2020/05/IMG_4192.JPG-150x150.jpg]
[pospal.com.au/wp-content/uploads/2020/05/IMG_4183.JPG-1-150x150.jpg]
[pospal.com.au/wp-content/uploads/2020/05/IMG_4400.JPG-150x150.jpg]
[pospal.com.au/wp-content/uploads/2020/05/dragon5-150x150.png]
[pospal.com.au/wp-content/uploads/2020/05/IMG_4183.JPG-150x150.jpg]
[pospal.com.au/wp-content/uploads/2019/10/mrmeng-1-150x150.jpg]
[pospal.com.au/wp-content/uploads/2019/10/yamalysia-150x150.jpg]
[pospal.com.au/wp-content/uploads/2019/10/Yamei-150x150.jpg]
[pospal.com.au/wp-content/uploads/2019/10/saigonhouse-150x150.jpg]
[pospal.com.au/wp-content/uploads/2019/10/kyosushi-150x150.jpg]
[pospal.com.au/wp-content/uploads/2019/10/Screen-Shot-2019-10-15-at-12.15.06-pm-150x150.png]
[www.pospal.com.au/wp-content/uploads/2019/07/12-5.png]
[pospal.com.au/wp-content/uploads/2019/09/WeChat-Image_20190920165335.jpg]
[pospal.com.au/wp-content/plugins/elementor/assets/lib/animations/animations.minb045.css]
[static.zdassets.com/ekr/asset_composer.js]
[pospal.com.au/wp-content/plugins/content-views-query-and-display-post-page/public/assets/js/cv749c.js]
[pospal.com.au/wp-content/plugins/jquery-collapse-o-matic/js/collapse7d4c.js]
[js.hs-scripts.com/20673809a466.js]
[pospal.com.au/wp-content/plugins/woocommerce/assets/js/jquery-blockui/jquery.blockUI.min44fd.js]
[pospal.com.au/wp-content/plugins/woocommerce/assets/js/frontend/add-to-cart.mind19b.js]
[pospal.com.au/wp-content/plugins/woocommerce/assets/js/js-cookie/js.cookie.min6b25.js]
[pospal.com.au/wp-content/plugins/woocommerce/assets/js/frontend/woocommerce.mind19b.js]
[pospal.com.au/wp-content/plugins/woocommerce/assets/js/frontend/cart-fragments.mind19b.js]
[pospal.com.au/wp-content/plugins/woo-paypalplus/public/js/front.minb67b.js]
[pospal.com.au/wp-includes/js/underscore.min4511.js]
[pospal.com.au/wp-content/plugins/mailchimp-for-woocommerce/public/js/mailchimp-woocommerce-public.min91ee.js]
[pospal.com.au/wp-content/themes/appai/assets/js/bootstrap.min.js]
[pospal.com.au/wp-content/themes/appai/assets/js/jquery.slicknav.min.js]
[pospal.com.au/wp-content/plugins/woolentor-addons/assets/js/slick.min3c94.js]
[pospal.com.au/wp-content/themes/appai/assets/js/jquery.prettySocial.js]
[pospal.com.au/wp-content/themes/appai/assets/js/fakeLoader.min.js]
[pospal.com.au/wp-content/themes/appai/assets/js/particles.min.js]
[pospal.com.au/wp-content/themes/appai/assets/js/main.js]
[pospal.com.au/wp-content/themes/appai/assets/js/plugins.js]
[pospal.com.au/wp-includes/js/wp-embed.min48f5.js]
[pospal.com.au/wp-content/plugins/kingcomposer/assets/frontend/js/kingcomposer.min7d47.js]
[pospal.com.au/wp-content/plugins/elementor/assets/lib/jquery-numerator/jquery-numerator.min3958.js]
[pospal.com.au/wp-content/plugins/elementor/assets/js/webpack.runtime.minb045.js]
[pospal.com.au/wp-content/plugins/elementor/assets/lib/swiper/swiper.min48f5.js]
[pospal.com.au/wp-content/plugins/elementor/assets/js/frontend-modules.minb045.js]
[pospal.com.au/wp-content/plugins/elementor/assets/lib/waypoints/waypoints.min05da.js]
[pospal.com.au/wp-includes/js/jquery/ui/position.mine899.js]
[pospal.com.au/wp-content/plugins/elementor/assets/lib/share-link/share-link.minb045.js]
[pospal.com.au/wp-content/plugins/elementor/assets/lib/dialog/dialog.mina288.js]
[pospal.com.au/taptouch/index.html]
[pospal.com.au/wp-content/plugins/content-views-query-and-display-post-page/public/assets/css/cv749c.css]
[pospal.com.au/wp-includes/css/dist/block-library/style.min48f5.css]
[pospal.com.au/wp-content/plugins/woocommerce/packages/woocommerce-blocks/build/style60a8.css]
[pospal.com.au/wp-content/plugins/builder-responsive-pricing-tables/assets/css/pricing-tables48f5.css]
[pospal.com.au/wp-content/plugins/jquery-collapse-o-matic/css/core_style5152.css]
[pospal.com.au/wp-content/plugins/jquery-collapse-o-matic/css/images/arrow-down.png]
[pospal.com.au/wp-content/plugins/elementor/assets/js/frontend.minb045.js]
[pospal.com.au/wp-content/plugins/elementor/assets/js/preloaded-modules.minb045.js]
[pospal.com.au/wp-content/plugins/jquery-collapse-o-matic/css/images/arrow-up.png]
[pospal.com.au/wp-content/plugins/jquery-collapse-o-matic/css/light_stylef24c.css]
[pospal.com.au/wp-content/plugins/revslider/public/assets/assets/gridtile.png]
[pospal.com.au/wp-content/plugins/revslider/public/assets/assets/gridtile_white.png]
[pospal.com.au/wp-content/plugins/revslider/public/assets/assets/gridtile_3x3.png]
[pospal.com.au/wp-content/plugins/revslider/public/assets/assets/gridtile_3x3_white.png]
[pospal.com.au/wp-content/plugins/revslider/public/assets/assets/coloredbg.png]
[pospal.com.au/wp-content/plugins/revslider/public/assets/assets/loader.gif]
[pospal.com.au/wp-content/plugins/revslider/public/assets/css/rs618cf.css]
[pospal.com.au/wp-content/plugins/svg-support/css/svgs-attachment48f5.css]
[pospal.com.au/wp-content/plugins/woocommerce/assets/css/woocommerce-layoutd19b.css]
[pospal.com.au/wp-content/plugins/woocommerce/assets/css/woocommerce-smallscreend19b.css]
[pospal.com.au/wp-content/plugins/woocommerce/assets/css/woocommerced19b.css]
[pospal.com.au/wp-content/plugins/yada-wiki/css/yadawiki48f5.css]
[pospal.com.au/wp-content/plugins/woo-paypalplus/public/css/front.minb67b.css]
[pospal.com.au/wp-content/plugins/elementor/assets/lib/font-awesome/css/font-awesome.min1849.css]
[pospal.com.au/wp-content/plugins/woolentor-addons/assets/css/simple-line-icons3c94.css]
[pospal.com.au/wp-content/plugins/woolentor-addons/assets/css/htflexboxgrid3c94.css]
[pospal.com.au/wp-content/plugins/woolentor-addons/assets/css/slick3c94.css]
[pospal.com.au/wp-content/plugins/woolentor-addons/assets/images/selector-icon.png]
[pospal.com.au/wp-content/plugins/woolentor-addons/assets/images/check.png]
[pospal.com.au/wp-content/plugins/woolentor-addons/assets/css/woolentor-widgets3c94.css]
[pospal.com.au/wp-content/themes/appai/assets/css/bootstrap.min48f5.css]
[pospal.com.au/wp-content/themes/appai/assets/css/animate48f5.css]
[pospal.com.au/wp-content/themes/appai/assets/css/color-variation48f5.css]
[pospal.com.au/wp-content/themes/appai/assets/css/slick.css]
[pospal.com.au/wp-content/themes/appai/assets/css/swiper.min.css]
[pospal.com.au/wp-content/themes/appai/assets/css/icofont.css]
[pospal.com.au/wp-content/themes/appai/assets/css/animate.css]
[pospal.com.au/wp-content/themes/appai/assets/css/magnific-popup.css]
[pospal.com.au/wp-content/themes/appai/assets/css/elements48f5.css]
[pospal.com.au/wp-content/themes/appai/assets/css/fakeLoader48f5.css]
[pospal.com.au/wp-content/themes/appai/assets/css/icofont48f5.css]
[pospal.com.au/wp-content/plugins/woolentor-addons/assets/lib/css/magnific-popup3c94.css]
[pospal.com.au/wp-content/themes/appai/assets/css/slicknav.min48f5.css]
[pospal.com.au/wp-content/themes/appai/assets/css/swiper.min48f5.css]
[pospal.com.au/wp-content/themes/appai/assets/css/blog48f5.css]
[pospal.com.au/wp-content/themes/appai/assets/img/others/line-shape.png]
[pospal.com.au/wp-content/themes/appai/assets/img/others/line-shape-white.png]
[pospal.com.au/wp-content/themes/appai/assets/img/others/line-shape-2.png]
[pospal.com.au/wp-content/themes/appai/assets/img/bg/7.jpg]
[pospal.com.au/wp-content/themes/appai/assets/img/bg/1.jpg]
[pospal.com.au/wp-content/themes/appai/assets/img/bg/2.jpg]
[pospal.com.au/wp-content/themes/appai/assets/img/bg/3.jpg]
[pospal.com.au/wp-content/themes/appai/assets/img/others/quote-icon.png]
[pospal.com.au/wp-content/themes/appai/assets/img/bg/4.jpg]
[pospal.com.au/wp-content/themes/appai/assets/img/bg/5.jpg]
[pospal.com.au/wp-content/themes/appai/assets/img/bg/8.jpg]
[pospal.com.au/wp-content/themes/appai/assets/img/bg/6.jpg]
[pospal.com.au/wp-content/themes/appai/assets/img/bg/9.jpg]
[pospal.com.au/wp-content/themes/appai/assets/img/bg/10.png]
[pospal.com.au/wp-content/themes/appai/assets/css/style48f5.css]
[pospal.com.au/wp-content/themes/appai/assets/css/responsive48f5.css]
[pospal.com.au/wp-content/themes/appai/style48f5.css]
[pospal.com.au/wp-content/themes/appai/assets/css/theme_options_style48f5.css]
[use.fontawesome.com/releases/v5.13.0/css/all.css]
[pospal.com.au/wp-content/plugins/elementor/assets/lib/eicons/css/elementor-icons.min05c8.css]
[pospal.com.au/wp-content/plugins/elementor/assets/css/frontend-legacy.minb045.css]
[pospal.com.au/wp-content/plugins/elementor/assets/css/frontend.minb045.css]
[pospal.com.au/wp-content/uploads/elementor/css/post-1542458ed.css]
[pospal.com.au/wp-content/uploads/elementor/css/global58ed.css]
[i.ibb.co/L1VYdKg/bg-1-1.jpg]
[pospal.com.au/wp-content/uploads/elementor/css/post-16582447c.css]
[pospal.com.au/wp-content/plugins/smart-recent-posts-widget/assets/css/srpw-frontend48f5.css]
[pospal.com.au/wp-content/plugins/kingcomposer/assets/frontend/images/loader.png]
[pospal.com.au/wp-content/plugins/kingcomposer/assets/frontend/images/loading.gif]
[pospal.com.au/wp-content/plugins/kingcomposer/assets/frontend/images/fb_loading.gif]
[pospal.com.au/wp-content/plugins/kingcomposer/assets/frontend/images/icon-remove.png]
[pospal.com.au/wp-content/plugins/kingcomposer/assets/frontend/css/kingcomposer.min7d47.css]
[pospal.com.au/wp-content/plugins/kingcomposer/assets/css/animate7d47.css]
[pospal.com.au/wp-content/themes/appai/assets/css/icofont7d47.css]
[pospal.com.au/wp-content/plugins/kingcomposer/assets/css/fonts/Simple-Line-Icons4c82.eot]
[pospal.com.au/wp-content/plugins/kingcomposer/assets/css/fonts/Simple-Line-Iconsd41d.eot]
[pospal.com.au/wp-content/plugins/kingcomposer/assets/css/fonts/Simple-Line-Icons.ttf]
[pospal.com.au/wp-content/plugins/kingcomposer/assets/css/fonts/Simple-Line-Icons.woff]
[pospal.com.au/wp-content/plugins/kingcomposer/assets/css/fonts/et-line.eot]
[pospal.com.au/wp-content/plugins/kingcomposer/assets/css/fonts/et-lined41d.eot]
[pospal.com.au/wp-content/plugins/kingcomposer/assets/css/fonts/et-line.woff]
[pospal.com.au/wp-content/plugins/kingcomposer/assets/css/fonts/et-line.ttf]
[pospal.com.au/wp-content/plugins/kingcomposer/assets/css/fonts/fa-solid-900.eot]
[pospal.com.au/wp-content/plugins/kingcomposer/assets/css/fonts/fa-solid-900d41d.eot]
[pospal.com.au/wp-content/plugins/kingcomposer/assets/css/fonts/fa-solid-900.woff]
[pospal.com.au/wp-content/plugins/kingcomposer/assets/css/fonts/fa-solid-900.ttf]
[pospal.com.au/wp-content/plugins/kingcomposer/assets/css/fonts/fa-brands-400.eot]
[pospal.com.au/wp-content/plugins/kingcomposer/assets/css/fonts/fa-brands-400d41d.eot]
[pospal.com.au/wp-content/plugins/kingcomposer/assets/css/fonts/fa-brands-400.woff]
[pospal.com.au/wp-content/plugins/kingcomposer/assets/css/fonts/fa-brands-400.ttf]
[pospal.com.au/wp-content/plugins/kingcomposer/assets/css/icons7d47.css]
[use.fontawesome.com/releases/v5.13.0/css/v4-shims.css]
[connect.facebook.net/en_US/fbevents.js]
[pospal.com.au/wp-content/plugins/elementor/assets/lib/animations/animations.minb045.css]
[pospal.com.au/wp-content/plugins/revslider/public/assets/css/openhand.html]
[pospal.com.au/wp-content/plugins/revslider/public/assets/css/closedhand.html]
[pospal.com.au/wp-content/themes/appai/assets/css/slick.css]
[pospal.com.au/wp-content/themes/appai/assets/css/swiper.min.css]
[pospal.com.au/wp-content/themes/appai/assets/css/icofont.css]
[pospal.com.au/wp-content/themes/appai/assets/css/animate.css]
[pospal.com.au/wp-content/themes/appai/assets/css/magnific-popup.css]
[pospal.com.au/wp-content/themes/appai/assets/img/mockups/download-app-mockup.html]
[pospal.com.au/wp-content/themes/appai/assets/img/mockups/download-app-mockup-2.html]
[pospal.com.au/wp-content/plugins/kingcomposer/assets/css/fonts/Simple-Line-Iconsd41d.svg]
[pospal.com.au/wp-content/plugins/kingcomposer/assets/css/fonts/et-line.svg]
[pospal.com.au/wp-content/plugins/kingcomposer/assets/css/fonts/fa-solid-900.html]
[pospal.com.au/wp-content/plugins/kingcomposer/assets/css/fonts/fa-solid-900.svg]
[pospal.com.au/wp-content/plugins/kingcomposer/assets/css/fonts/fa-brands-400.html]
[pospal.com.au/wp-content/plugins/kingcomposer/assets/css/fonts/fa-brands-400.svg]
[pospal.com.au/taptouch/POST.html]
